---
source: crates/jrsonnet-rowan-parser/src/tests.rs
expression: "{assert 1, a: 1 for a in [1,2,3]}\n"
---
SOURCE_FILE@0..34
  EXPR_OBJECT@0..33
    OBJ_BODY_COMP@0..33
      L_BRACE@0..1 "{"
      ERROR_CUSTOM@1..9
        MEMBER_ASSERT_STMT@1..9
          ASSERTION@1..9
            ASSERT_KW@1..7 "assert"
            WHITESPACE@7..8 " "
            LHS_EXPR@8..9
              EXPR_NUMBER@8..9
                FLOAT@8..9 "1"
      COMMA@9..10 ","
      WHITESPACE@10..11 " "
      MEMBER_FIELD_NORMAL@11..15
        FIELD_NAME_FIXED@11..12
          NAME@11..12
            IDENT@11..12 "a"
        COLON@12..13 ":"
        WHITESPACE@13..14 " "
        EXPR_NUMBER@14..15
          FLOAT@14..15 "1"
      WHITESPACE@15..16 " "
      FOR_SPEC@16..32
        FOR_KW@16..19 "for"
        WHITESPACE@19..20 " "
        NAME@20..21
          IDENT@20..21 "a"
        WHITESPACE@21..22 " "
        IN_KW@22..24 "in"
        WHITESPACE@24..25 " "
        EXPR_ARRAY@25..32
          L_BRACK@25..26 "["
          EXPR_NUMBER@26..27
            FLOAT@26..27 "1"
          COMMA@27..28 ","
          EXPR_NUMBER@28..29
            FLOAT@28..29 "2"
          COMMA@29..30 ","
          EXPR_NUMBER@30..31
            FLOAT@30..31 "3"
          R_BRACK@31..32 "]"
      R_BRACE@32..33 "}"
  WHITESPACE@33..34 "\n"
===
LocatedSyntaxError { error: Custom { error: "asserts can't be used in object comprehensions" }, range: 1..9 }
===
  x syntax error
   ,----
 1 | {assert 1, a: 1 for a in [1,2,3]}
   :  ^^^^|^^^
   :      `-- asserts can't be used in object comprehensions
   `----
